// Jest Snapshot v1, https://goo.gl/fbAQLP

exports[`matches snapshot 1`] = `
<DocumentFragment>
  <div
    class="Homepage"
    style="background-image: url(earthbg.png); background-size: auto; height: 90vh; background-repeat: no-repeat; background-position: center; width: 100vw;"
  >
    <div
      class="container header text-center "
    >
      <h2
        class="Homepage-header"
      >
        Welcome to Carbon Footprint Calculator
      </h2>
      <a
        class="btn btn-warning text-center"
        href="/household1"
        id="stepBtn"
      >
        Take the first step
      </a>
    </div>
  </div>
</DocumentFragment>
`;
